13:15:02 **** Incremental Build of configuration Debug for project baer_motor ****
make -j16 all 
arm-none-eabi-gcc "../Src/main.c" -mcpu=cortex-m7 -std=gnu11 -g3 -DDEBUG -DUSE_HAL_DRIVER -DSTM32H743xx -c -I../Inc -I../Drivers/STM32H7xx_HAL_Driver/Inc -I../Drivers/STM32H7xx_HAL_Driver/Inc/Legacy -I../Drivers/CMSIS/Device/ST/STM32H7xx/Include -I../Drivers/CMSIS/Include -I"C:/Users/Danie/Desktop/SRI-embedded/LAN_9252 to H7/baer_motor_ethercat/baer_motor/lan9252" -O0 -ffunction-sections -fdata-sections -Wall -fstack-usage -MMD -MP -MF"Src/main.d" -MT"Src/main.o" --specs=nano.specs -mfpu=fpv5-d16 -mfloat-abi=hard -mthumb -o "Src/main.o"
../Src/main.c: In function 'get_motor_status':
../Src/main.c:1025:6: warning: variable 'motor_msg' set but not used [-Wunused-but-set-variable]
 1025 |  int motor_msg[8];
      |      ^~~~~~~~~
arm-none-eabi-gcc -o "baer_motor.elf" @"objects.list"   -mcpu=cortex-m7 -T"C:\Users\Danie\Desktop\SRI-embedded\LAN_9252 to H7\baer_motor_ethercat\baer_motor\STM32H743VGTX_FLASH.ld" --specs=nosys.specs -Wl,-Map="baer_motor.map" -Wl,--gc-sections -static --specs=nano.specs -mfpu=fpv5-d16 -mfloat-abi=hard -mthumb -Wl,--start-group -lc -lm -Wl,--end-group
Finished building target: baer_motor.elf
 
arm-none-eabi-size   baer_motor.elf 
arm-none-eabi-objdump -h -S  baer_motor.elf  > "baer_motor.list"
Finished building: baer_motor.list
 
   text	   data	    bss	    dec	    hex	filename
  38888	    124	   3240	  42252	   a50c	baer_motor.elf
Finished building: default.size.stdout
 
13:15:07 **** Incremental Build of configuration Debug for project baer_motor ****
make -j16 all 
arm-none-eabi-size   baer_motor.elf 
   text	   data	    bss	    dec	    hex	filename
  38888	    124	   3240	  42252	   a50c	baer_motor.elf
Finished building: default.size.stdout
 
13:15:13 **** Incremental Build of configuration Debug for project baer_motor ****
make -j16 all 
arm-none-eabi-size   baer_motor.elf 
   text	   data	    bss	    dec	    hex	filename
  38888	    124	   3240	  42252	   a50c	baer_motor.elf
Finished building: default.size.stdout
 
14:07:57 **** Incremental Build of configuration Debug for project baer_motor ****
make -j16 all 
arm-none-eabi-gcc "../Src/main.c" -mcpu=cortex-m7 -std=gnu11 -g3 -DDEBUG -DUSE_HAL_DRIVER -DSTM32H743xx -c -I../Inc -I../Drivers/STM32H7xx_HAL_Driver/Inc -I../Drivers/STM32H7xx_HAL_Driver/Inc/Legacy -I../Drivers/CMSIS/Device/ST/STM32H7xx/Include -I../Drivers/CMSIS/Include -I"C:/Users/Danie/Desktop/SRI-embedded/LAN_9252 to H7/baer_motor_ethercat/baer_motor/lan9252" -O0 -ffunction-sections -fdata-sections -Wall -fstack-usage -MMD -MP -MF"Src/main.d" -MT"Src/main.o" --specs=nano.specs -mfpu=fpv5-d16 -mfloat-abi=hard -mthumb -o "Src/main.o"
../Src/main.c: In function 'get_motor_status':
../Src/main.c:1025:6: warning: variable 'motor_msg' set but not used [-Wunused-but-set-variable]
 1025 |  int motor_msg[8];
      |      ^~~~~~~~~
arm-none-eabi-gcc -o "baer_motor.elf" @"objects.list"   -mcpu=cortex-m7 -T"C:\Users\Danie\Desktop\SRI-embedded\LAN_9252 to H7\baer_motor_ethercat\baer_motor\STM32H743VGTX_FLASH.ld" --specs=nosys.specs -Wl,-Map="baer_motor.map" -Wl,--gc-sections -static --specs=nano.specs -mfpu=fpv5-d16 -mfloat-abi=hard -mthumb -Wl,--start-group -lc -lm -Wl,--end-group
Finished building target: baer_motor.elf
 
arm-none-eabi-size   baer_motor.elf 
arm-none-eabi-objdump -h -S  baer_motor.elf  > "baer_motor.list"
   text	   data	    bss	    dec	    hex	filename
  38856	    124	   3240	  42220	   a4ec	baer_motor.elf
Finished building: default.size.stdout
 
Finished building: baer_motor.list
 
14:08:04 **** Incremental Build of configuration Debug for project baer_motor ****
make -j16 all 
arm-none-eabi-size   baer_motor.elf 
   text	   data	    bss	    dec	    hex	filename
  38856	    124	   3240	  42220	   a4ec	baer_motor.elf
Finished building: default.size.stdout
 
14:11:51 **** Incremental Build of configuration Debug for project baer_motor ****
make -j16 all 
arm-none-eabi-gcc "../Src/main.c" -mcpu=cortex-m7 -std=gnu11 -g3 -DDEBUG -DUSE_HAL_DRIVER -DSTM32H743xx -c -I../Inc -I../Drivers/STM32H7xx_HAL_Driver/Inc -I../Drivers/STM32H7xx_HAL_Driver/Inc/Legacy -I../Drivers/CMSIS/Device/ST/STM32H7xx/Include -I../Drivers/CMSIS/Include -I"C:/Users/Danie/Desktop/SRI-embedded/LAN_9252 to H7/baer_motor_ethercat/baer_motor/lan9252" -O0 -ffunction-sections -fdata-sections -Wall -fstack-usage -MMD -MP -MF"Src/main.d" -MT"Src/main.o" --specs=nano.specs -mfpu=fpv5-d16 -mfloat-abi=hard -mthumb -o "Src/main.o"
../Src/main.c: In function 'get_motor_status':
../Src/main.c:1025:6: warning: variable 'motor_msg' set but not used [-Wunused-but-set-variable]
 1025 |  int motor_msg[8];
      |      ^~~~~~~~~
arm-none-eabi-gcc -o "baer_motor.elf" @"objects.list"   -mcpu=cortex-m7 -T"C:\Users\Danie\Desktop\SRI-embedded\LAN_9252 to H7\baer_motor_ethercat\baer_motor\STM32H743VGTX_FLASH.ld" --specs=nosys.specs -Wl,-Map="baer_motor.map" -Wl,--gc-sections -static --specs=nano.specs -mfpu=fpv5-d16 -mfloat-abi=hard -mthumb -Wl,--start-group -lc -lm -Wl,--end-group
Finished building target: baer_motor.elf
 
arm-none-eabi-size   baer_motor.elf 
arm-none-eabi-objdump -h -S  baer_motor.elf  > "baer_motor.list"
   text	   data	    bss	    dec	    hex	filename
  38856	    124	   3240	  42220	   a4ec	baer_motor.elf
Finished building: default.size.stdout
 
Finished building: baer_motor.list
 
14:11:58 **** Incremental Build of configuration Debug for project baer_motor ****
make -j16 all 
arm-none-eabi-size   baer_motor.elf 
   text	   data	    bss	    dec	    hex	filename
  38856	    124	   3240	  42220	   a4ec	baer_motor.elf
Finished building: default.size.stdout
 
14:14:19 **** Incremental Build of configuration Debug for project baer_motor ****
make -j16 all 
arm-none-eabi-gcc "../Src/main.c" -mcpu=cortex-m7 -std=gnu11 -g3 -DDEBUG -DUSE_HAL_DRIVER -DSTM32H743xx -c -I../Inc -I../Drivers/STM32H7xx_HAL_Driver/Inc -I../Drivers/STM32H7xx_HAL_Driver/Inc/Legacy -I../Drivers/CMSIS/Device/ST/STM32H7xx/Include -I../Drivers/CMSIS/Include -I"C:/Users/Danie/Desktop/SRI-embedded/LAN_9252 to H7/baer_motor_ethercat/baer_motor/lan9252" -O0 -ffunction-sections -fdata-sections -Wall -fstack-usage -MMD -MP -MF"Src/main.d" -MT"Src/main.o" --specs=nano.specs -mfpu=fpv5-d16 -mfloat-abi=hard -mthumb -o "Src/main.o"
../Src/main.c: In function 'get_motor_status':
../Src/main.c:1031:6: warning: variable 'motor_msg' set but not used [-Wunused-but-set-variable]
 1031 |  int motor_msg[8];
      |      ^~~~~~~~~
arm-none-eabi-gcc -o "baer_motor.elf" @"objects.list"   -mcpu=cortex-m7 -T"C:\Users\Danie\Desktop\SRI-embedded\LAN_9252 to H7\baer_motor_ethercat\baer_motor\STM32H743VGTX_FLASH.ld" --specs=nosys.specs -Wl,-Map="baer_motor.map" -Wl,--gc-sections -static --specs=nano.specs -mfpu=fpv5-d16 -mfloat-abi=hard -mthumb -Wl,--start-group -lc -lm -Wl,--end-group
Finished building target: baer_motor.elf
 
arm-none-eabi-size   baer_motor.elf 
arm-none-eabi-objdump -h -S  baer_motor.elf  > "baer_motor.list"
   text	   data	    bss	    dec	    hex	filename
  38972	    124	   3240	  42336	   a560	baer_motor.elf
Finished building: default.size.stdout
 
Finished building: baer_motor.list
 
14:14:28 **** Incremental Build of configuration Debug for project baer_motor ****
make -j16 all 
arm-none-eabi-size   baer_motor.elf 
   text	   data	    bss	    dec	    hex	filename
  38972	    124	   3240	  42336	   a560	baer_motor.elf
Finished building: default.size.stdout
 
14:14:48 **** Incremental Build of configuration Debug for project baer_motor ****
make -j16 all 
arm-none-eabi-size   baer_motor.elf 
   text	   data	    bss	    dec	    hex	filename
  38972	    124	   3240	  42336	   a560	baer_motor.elf
Finished building: default.size.stdout
 
14:16:34 **** Incremental Build of configuration Debug for project baer_motor ****
make -j16 all 
arm-none-eabi-gcc "../Src/main.c" -mcpu=cortex-m7 -std=gnu11 -g3 -DDEBUG -DUSE_HAL_DRIVER -DSTM32H743xx -c -I../Inc -I../Drivers/STM32H7xx_HAL_Driver/Inc -I../Drivers/STM32H7xx_HAL_Driver/Inc/Legacy -I../Drivers/CMSIS/Device/ST/STM32H7xx/Include -I../Drivers/CMSIS/Include -I"C:/Users/Danie/Desktop/SRI-embedded/LAN_9252 to H7/baer_motor_ethercat/baer_motor/lan9252" -O0 -ffunction-sections -fdata-sections -Wall -fstack-usage -MMD -MP -MF"Src/main.d" -MT"Src/main.o" --specs=nano.specs -mfpu=fpv5-d16 -mfloat-abi=hard -mthumb -o "Src/main.o"
../Src/main.c: In function 'get_motor_status':
../Src/main.c:1033:6: warning: variable 'motor_msg' set but not used [-Wunused-but-set-variable]
 1033 |  int motor_msg[8];
      |      ^~~~~~~~~
arm-none-eabi-gcc -o "baer_motor.elf" @"objects.list"   -mcpu=cortex-m7 -T"C:\Users\Danie\Desktop\SRI-embedded\LAN_9252 to H7\baer_motor_ethercat\baer_motor\STM32H743VGTX_FLASH.ld" --specs=nosys.specs -Wl,-Map="baer_motor.map" -Wl,--gc-sections -static --specs=nano.specs -mfpu=fpv5-d16 -mfloat-abi=hard -mthumb -Wl,--start-group -lc -lm -Wl,--end-group
Finished building target: baer_motor.elf
 
arm-none-eabi-size   baer_motor.elf 
arm-none-eabi-objdump -h -S  baer_motor.elf  > "baer_motor.list"
   text	   data	    bss	    dec	    hex	filename
  38976	    124	   3240	  42340	   a564	baer_motor.elf
Finished building: default.size.stdout
 
Finished building: baer_motor.list
 
14:16:39 **** Incremental Build of configuration Debug for project baer_motor ****
make -j16 all 
arm-none-eabi-size   baer_motor.elf 
   text	   data	    bss	    dec	    hex	filename
  38976	    124	   3240	  42340	   a564	baer_motor.elf
Finished building: default.size.stdout
 
14:19:04 **** Incremental Build of configuration Debug for project baer_motor ****
make -j16 all 
arm-none-eabi-gcc "../Src/main.c" -mcpu=cortex-m7 -std=gnu11 -g3 -DDEBUG -DUSE_HAL_DRIVER -DSTM32H743xx -c -I../Inc -I../Drivers/STM32H7xx_HAL_Driver/Inc -I../Drivers/STM32H7xx_HAL_Driver/Inc/Legacy -I../Drivers/CMSIS/Device/ST/STM32H7xx/Include -I../Drivers/CMSIS/Include -I"C:/Users/Danie/Desktop/SRI-embedded/LAN_9252 to H7/baer_motor_ethercat/baer_motor/lan9252" -O0 -ffunction-sections -fdata-sections -Wall -fstack-usage -MMD -MP -MF"Src/main.d" -MT"Src/main.o" --specs=nano.specs -mfpu=fpv5-d16 -mfloat-abi=hard -mthumb -o "Src/main.o"
../Src/main.c: In function 'get_motor_status':
../Src/main.c:1033:6: warning: variable 'motor_msg' set but not used [-Wunused-but-set-variable]
 1033 |  int motor_msg[8];
      |      ^~~~~~~~~
arm-none-eabi-gcc -o "baer_motor.elf" @"objects.list"   -mcpu=cortex-m7 -T"C:\Users\Danie\Desktop\SRI-embedded\LAN_9252 to H7\baer_motor_ethercat\baer_motor\STM32H743VGTX_FLASH.ld" --specs=nosys.specs -Wl,-Map="baer_motor.map" -Wl,--gc-sections -static --specs=nano.specs -mfpu=fpv5-d16 -mfloat-abi=hard -mthumb -Wl,--start-group -lc -lm -Wl,--end-group
Finished building target: baer_motor.elf
 
arm-none-eabi-size   baer_motor.elf 
arm-none-eabi-objdump -h -S  baer_motor.elf  > "baer_motor.list"
   text	   data	    bss	    dec	    hex	filename
  39008	    124	   3240	  42372	   a584	baer_motor.elf
Finished building: default.size.stdout
 
Finished building: baer_motor.list
 
14:19:09 **** Incremental Build of configuration Debug for project baer_motor ****
make -j16 all 
arm-none-eabi-size   baer_motor.elf 
   text	   data	    bss	    dec	    hex	filename
  39008	    124	   3240	  42372	   a584	baer_motor.elf
Finished building: default.size.stdout
 
14:21:01 **** Incremental Build of configuration Debug for project baer_motor ****
make -j16 all 
arm-none-eabi-size   baer_motor.elf 
   text	   data	    bss	    dec	    hex	filename
  39008	    124	   3240	  42372	   a584	baer_motor.elf
Finished building: default.size.stdout
 
14:21:05 **** Incremental Build of configuration Debug for project baer_motor ****
make -j16 all 
arm-none-eabi-size   baer_motor.elf 
   text	   data	    bss	    dec	    hex	filename
  39008	    124	   3240	  42372	   a584	baer_motor.elf
Finished building: default.size.stdout
 
14:24:12 **** Incremental Build of configuration Debug for project baer_motor ****
make -j16 all 
arm-none-eabi-gcc "../Src/main.c" -mcpu=cortex-m7 -std=gnu11 -g3 -DDEBUG -DUSE_HAL_DRIVER -DSTM32H743xx -c -I../Inc -I../Drivers/STM32H7xx_HAL_Driver/Inc -I../Drivers/STM32H7xx_HAL_Driver/Inc/Legacy -I../Drivers/CMSIS/Device/ST/STM32H7xx/Include -I../Drivers/CMSIS/Include -I"C:/Users/Danie/Desktop/SRI-embedded/LAN_9252 to H7/baer_motor_ethercat/baer_motor/lan9252" -O0 -ffunction-sections -fdata-sections -Wall -fstack-usage -MMD -MP -MF"Src/main.d" -MT"Src/main.o" --specs=nano.specs -mfpu=fpv5-d16 -mfloat-abi=hard -mthumb -o "Src/main.o"
../Src/main.c: In function 'get_motor_status':
../Src/main.c:1035:6: warning: variable 'motor_msg' set but not used [-Wunused-but-set-variable]
 1035 |  int motor_msg[8];
      |      ^~~~~~~~~
arm-none-eabi-gcc -o "baer_motor.elf" @"objects.list"   -mcpu=cortex-m7 -T"C:\Users\Danie\Desktop\SRI-embedded\LAN_9252 to H7\baer_motor_ethercat\baer_motor\STM32H743VGTX_FLASH.ld" --specs=nosys.specs -Wl,-Map="baer_motor.map" -Wl,--gc-sections -static --specs=nano.specs -mfpu=fpv5-d16 -mfloat-abi=hard -mthumb -Wl,--start-group -lc -lm -Wl,--end-group
Finished building target: baer_motor.elf
 
arm-none-eabi-size   baer_motor.elf 
arm-none-eabi-objdump -h -S  baer_motor.elf  > "baer_motor.list"
   text	   data	    bss	    dec	    hex	filename
  39000	    124	   3240	  42364	   a57c	baer_motor.elf
Finished building: default.size.stdout
 
Finished building: baer_motor.list
 
14:24:24 **** Incremental Build of configuration Debug for project baer_motor ****
make -j16 all 
arm-none-eabi-gcc "../Src/main.c" -mcpu=cortex-m7 -std=gnu11 -g3 -DDEBUG -DUSE_HAL_DRIVER -DSTM32H743xx -c -I../Inc -I../Drivers/STM32H7xx_HAL_Driver/Inc -I../Drivers/STM32H7xx_HAL_Driver/Inc/Legacy -I../Drivers/CMSIS/Device/ST/STM32H7xx/Include -I../Drivers/CMSIS/Include -I"C:/Users/Danie/Desktop/SRI-embedded/LAN_9252 to H7/baer_motor_ethercat/baer_motor/lan9252" -O0 -ffunction-sections -fdata-sections -Wall -fstack-usage -MMD -MP -MF"Src/main.d" -MT"Src/main.o" --specs=nano.specs -mfpu=fpv5-d16 -mfloat-abi=hard -mthumb -o "Src/main.o"
../Src/main.c: In function 'get_motor_status':
../Src/main.c:1035:6: warning: variable 'motor_msg' set but not used [-Wunused-but-set-variable]
 1035 |  int motor_msg[8];
      |      ^~~~~~~~~
arm-none-eabi-gcc -o "baer_motor.elf" @"objects.list"   -mcpu=cortex-m7 -T"C:\Users\Danie\Desktop\SRI-embedded\LAN_9252 to H7\baer_motor_ethercat\baer_motor\STM32H743VGTX_FLASH.ld" --specs=nosys.specs -Wl,-Map="baer_motor.map" -Wl,--gc-sections -static --specs=nano.specs -mfpu=fpv5-d16 -mfloat-abi=hard -mthumb -Wl,--start-group -lc -lm -Wl,--end-group
Finished building target: baer_motor.elf
 
arm-none-eabi-size   baer_motor.elf 
arm-none-eabi-objdump -h -S  baer_motor.elf  > "baer_motor.list"
   text	   data	    bss	    dec	    hex	filename
  38984	    124	   3240	  42348	   a56c	baer_motor.elf
Finished building: default.size.stdout
 
Finished building: baer_motor.list
 
14:24:30 **** Incremental Build of configuration Debug for project baer_motor ****
make -j16 all 
arm-none-eabi-size   baer_motor.elf 
   text	   data	    bss	    dec	    hex	filename
  38984	    124	   3240	  42348	   a56c	baer_motor.elf
Finished building: default.size.stdout
 
14:25:22 **** Incremental Build of configuration Debug for project baer_motor ****
make -j16 all 
arm-none-eabi-gcc "../Src/main.c" -mcpu=cortex-m7 -std=gnu11 -g3 -DDEBUG -DUSE_HAL_DRIVER -DSTM32H743xx -c -I../Inc -I../Drivers/STM32H7xx_HAL_Driver/Inc -I../Drivers/STM32H7xx_HAL_Driver/Inc/Legacy -I../Drivers/CMSIS/Device/ST/STM32H7xx/Include -I../Drivers/CMSIS/Include -I"C:/Users/Danie/Desktop/SRI-embedded/LAN_9252 to H7/baer_motor_ethercat/baer_motor/lan9252" -O0 -ffunction-sections -fdata-sections -Wall -fstack-usage -MMD -MP -MF"Src/main.d" -MT"Src/main.o" --specs=nano.specs -mfpu=fpv5-d16 -mfloat-abi=hard -mthumb -o "Src/main.o"
../Src/main.c: In function 'get_motor_status':
../Src/main.c:1035:6: warning: variable 'motor_msg' set but not used [-Wunused-but-set-variable]
 1035 |  int motor_msg[8];
      |      ^~~~~~~~~
arm-none-eabi-gcc -o "baer_motor.elf" @"objects.list"   -mcpu=cortex-m7 -T"C:\Users\Danie\Desktop\SRI-embedded\LAN_9252 to H7\baer_motor_ethercat\baer_motor\STM32H743VGTX_FLASH.ld" --specs=nosys.specs -Wl,-Map="baer_motor.map" -Wl,--gc-sections -static --specs=nano.specs -mfpu=fpv5-d16 -mfloat-abi=hard -mthumb -Wl,--start-group -lc -lm -Wl,--end-group
Finished building target: baer_motor.elf
 
arm-none-eabi-size   baer_motor.elf 
arm-none-eabi-objdump -h -S  baer_motor.elf  > "baer_motor.list"
   text	   data	    bss	    dec	    hex	filename
  38984	    124	   3240	  42348	   a56c	baer_motor.elf
Finished building: default.size.stdout
 
Finished building: baer_motor.list
 
14:25:27 **** Incremental Build of configuration Debug for project baer_motor ****
make -j16 all 
arm-none-eabi-size   baer_motor.elf 
   text	   data	    bss	    dec	    hex	filename
  38984	    124	   3240	  42348	   a56c	baer_motor.elf
Finished building: default.size.stdout
 
14:26:07 **** Incremental Build of configuration Debug for project baer_motor ****
make -j16 all 
arm-none-eabi-gcc "../Src/main.c" -mcpu=cortex-m7 -std=gnu11 -g3 -DDEBUG -DUSE_HAL_DRIVER -DSTM32H743xx -c -I../Inc -I../Drivers/STM32H7xx_HAL_Driver/Inc -I../Drivers/STM32H7xx_HAL_Driver/Inc/Legacy -I../Drivers/CMSIS/Device/ST/STM32H7xx/Include -I../Drivers/CMSIS/Include -I"C:/Users/Danie/Desktop/SRI-embedded/LAN_9252 to H7/baer_motor_ethercat/baer_motor/lan9252" -O0 -ffunction-sections -fdata-sections -Wall -fstack-usage -MMD -MP -MF"Src/main.d" -MT"Src/main.o" --specs=nano.specs -mfpu=fpv5-d16 -mfloat-abi=hard -mthumb -o "Src/main.o"
../Src/main.c: In function 'get_motor_status':
../Src/main.c:1035:6: warning: variable 'motor_msg' set but not used [-Wunused-but-set-variable]
 1035 |  int motor_msg[8];
      |      ^~~~~~~~~
arm-none-eabi-gcc -o "baer_motor.elf" @"objects.list"   -mcpu=cortex-m7 -T"C:\Users\Danie\Desktop\SRI-embedded\LAN_9252 to H7\baer_motor_ethercat\baer_motor\STM32H743VGTX_FLASH.ld" --specs=nosys.specs -Wl,-Map="baer_motor.map" -Wl,--gc-sections -static --specs=nano.specs -mfpu=fpv5-d16 -mfloat-abi=hard -mthumb -Wl,--start-group -lc -lm -Wl,--end-group
Finished building target: baer_motor.elf
 
arm-none-eabi-size   baer_motor.elf 
arm-none-eabi-objdump -h -S  baer_motor.elf  > "baer_motor.list"
   text	   data	    bss	    dec	    hex	filename
  38984	    124	   3240	  42348	   a56c	baer_motor.elf
Finished building: default.size.stdout
 
Finished building: baer_motor.list
 
14:26:12 **** Incremental Build of configuration Debug for project baer_motor ****
make -j16 all 
arm-none-eabi-size   baer_motor.elf 
   text	   data	    bss	    dec	    hex	filename
  38984	    124	   3240	  42348	   a56c	baer_motor.elf
Finished building: default.size.stdout
 
14:27:02 **** Incremental Build of configuration Debug for project baer_motor ****
make -j16 all 
arm-none-eabi-gcc "../Src/main.c" -mcpu=cortex-m7 -std=gnu11 -g3 -DDEBUG -DUSE_HAL_DRIVER -DSTM32H743xx -c -I../Inc -I../Drivers/STM32H7xx_HAL_Driver/Inc -I../Drivers/STM32H7xx_HAL_Driver/Inc/Legacy -I../Drivers/CMSIS/Device/ST/STM32H7xx/Include -I../Drivers/CMSIS/Include -I"C:/Users/Danie/Desktop/SRI-embedded/LAN_9252 to H7/baer_motor_ethercat/baer_motor/lan9252" -O0 -ffunction-sections -fdata-sections -Wall -fstack-usage -MMD -MP -MF"Src/main.d" -MT"Src/main.o" --specs=nano.specs -mfpu=fpv5-d16 -mfloat-abi=hard -mthumb -o "Src/main.o"
../Src/main.c: In function 'get_motor_status':
../Src/main.c:1035:6: warning: variable 'motor_msg' set but not used [-Wunused-but-set-variable]
 1035 |  int motor_msg[8];
      |      ^~~~~~~~~
arm-none-eabi-gcc -o "baer_motor.elf" @"objects.list"   -mcpu=cortex-m7 -T"C:\Users\Danie\Desktop\SRI-embedded\LAN_9252 to H7\baer_motor_ethercat\baer_motor\STM32H743VGTX_FLASH.ld" --specs=nosys.specs -Wl,-Map="baer_motor.map" -Wl,--gc-sections -static --specs=nano.specs -mfpu=fpv5-d16 -mfloat-abi=hard -mthumb -Wl,--start-group -lc -lm -Wl,--end-group
Finished building target: baer_motor.elf
 
arm-none-eabi-size   baer_motor.elf 
arm-none-eabi-objdump -h -S  baer_motor.elf  > "baer_motor.list"
   text	   data	    bss	    dec	    hex	filename
  38984	    124	   3240	  42348	   a56c	baer_motor.elf
Finished building: default.size.stdout
 
Finished building: baer_motor.list
 
14:27:08 **** Incremental Build of configuration Debug for project baer_motor ****
make -j16 all 
arm-none-eabi-size   baer_motor.elf 
   text	   data	    bss	    dec	    hex	filename
  38984	    124	   3240	  42348	   a56c	baer_motor.elf
Finished building: default.size.stdout
 
14:27:10 **** Incremental Build of configuration Debug for project baer_motor ****
make -j16 all 
arm-none-eabi-size   baer_motor.elf 
   text	   data	    bss	    dec	    hex	filename
  38984	    124	   3240	  42348	   a56c	baer_motor.elf
Finished building: default.size.stdout
 
14:32:42 **** Incremental Build of configuration Debug for project baer_motor ****
make -j16 all 
arm-none-eabi-gcc "../Src/main.c" -mcpu=cortex-m7 -std=gnu11 -g3 -DDEBUG -DUSE_HAL_DRIVER -DSTM32H743xx -c -I../Inc -I../Drivers/STM32H7xx_HAL_Driver/Inc -I../Drivers/STM32H7xx_HAL_Driver/Inc/Legacy -I../Drivers/CMSIS/Device/ST/STM32H7xx/Include -I../Drivers/CMSIS/Include -I"C:/Users/Danie/Desktop/SRI-embedded/LAN_9252 to H7/baer_motor_ethercat/baer_motor/lan9252" -O0 -ffunction-sections -fdata-sections -Wall -fstack-usage -MMD -MP -MF"Src/main.d" -MT"Src/main.o" --specs=nano.specs -mfpu=fpv5-d16 -mfloat-abi=hard -mthumb -o "Src/main.o"
../Src/main.c: In function 'get_motor_status':
../Src/main.c:1037:6: warning: variable 'motor_msg' set but not used [-Wunused-but-set-variable]
 1037 |  int motor_msg[8];
      |      ^~~~~~~~~
arm-none-eabi-gcc -o "baer_motor.elf" @"objects.list"   -mcpu=cortex-m7 -T"C:\Users\Danie\Desktop\SRI-embedded\LAN_9252 to H7\baer_motor_ethercat\baer_motor\STM32H743VGTX_FLASH.ld" --specs=nosys.specs -Wl,-Map="baer_motor.map" -Wl,--gc-sections -static --specs=nano.specs -mfpu=fpv5-d16 -mfloat-abi=hard -mthumb -Wl,--start-group -lc -lm -Wl,--end-group
Finished building target: baer_motor.elf
 
arm-none-eabi-size   baer_motor.elf 
arm-none-eabi-objdump -h -S  baer_motor.elf  > "baer_motor.list"
   text	   data	    bss	    dec	    hex	filename
  38992	    124	   3240	  42356	   a574	baer_motor.elf
Finished building: default.size.stdout
 
Finished building: baer_motor.list
 
14:32:48 **** Incremental Build of configuration Debug for project baer_motor ****
make -j16 all 
arm-none-eabi-size   baer_motor.elf 
   text	   data	    bss	    dec	    hex	filename
  38992	    124	   3240	  42356	   a574	baer_motor.elf
Finished building: default.size.stdout
 
14:33:01 **** Incremental Build of configuration Debug for project baer_motor ****
make -j16 all 
arm-none-eabi-gcc "../Src/main.c" -mcpu=cortex-m7 -std=gnu11 -g3 -DDEBUG -DUSE_HAL_DRIVER -DSTM32H743xx -c -I../Inc -I../Drivers/STM32H7xx_HAL_Driver/Inc -I../Drivers/STM32H7xx_HAL_Driver/Inc/Legacy -I../Drivers/CMSIS/Device/ST/STM32H7xx/Include -I../Drivers/CMSIS/Include -I"C:/Users/Danie/Desktop/SRI-embedded/LAN_9252 to H7/baer_motor_ethercat/baer_motor/lan9252" -O0 -ffunction-sections -fdata-sections -Wall -fstack-usage -MMD -MP -MF"Src/main.d" -MT"Src/main.o" --specs=nano.specs -mfpu=fpv5-d16 -mfloat-abi=hard -mthumb -o "Src/main.o"
../Src/main.c: In function 'get_motor_status':
../Src/main.c:1037:6: warning: variable 'motor_msg' set but not used [-Wunused-but-set-variable]
 1037 |  int motor_msg[8];
      |      ^~~~~~~~~
arm-none-eabi-gcc -o "baer_motor.elf" @"objects.list"   -mcpu=cortex-m7 -T"C:\Users\Danie\Desktop\SRI-embedded\LAN_9252 to H7\baer_motor_ethercat\baer_motor\STM32H743VGTX_FLASH.ld" --specs=nosys.specs -Wl,-Map="baer_motor.map" -Wl,--gc-sections -static --specs=nano.specs -mfpu=fpv5-d16 -mfloat-abi=hard -mthumb -Wl,--start-group -lc -lm -Wl,--end-group
Finished building target: baer_motor.elf
 
arm-none-eabi-size   baer_motor.elf 
arm-none-eabi-objdump -h -S  baer_motor.elf  > "baer_motor.list"
   text	   data	    bss	    dec	    hex	filename
  38976	    124	   3240	  42340	   a564	baer_motor.elf
Finished building: default.size.stdout
 
Finished building: baer_motor.list
 
14:33:08 **** Incremental Build of configuration Debug for project baer_motor ****
make -j16 all 
arm-none-eabi-size   baer_motor.elf 
   text	   data	    bss	    dec	    hex	filename
  38976	    124	   3240	  42340	   a564	baer_motor.elf
Finished building: default.size.stdout
 
14:33:14 **** Incremental Build of configuration Debug for project baer_motor ****
make -j16 all 
arm-none-eabi-size   baer_motor.elf 
   text	   data	    bss	    dec	    hex	filename
  38976	    124	   3240	  42340	   a564	baer_motor.elf
Finished building: default.size.stdout
 
17:19:28 **** Incremental Build of configuration Debug for project baer_motor ****
make -j16 all 
arm-none-eabi-gcc "../Src/main.c" -mcpu=cortex-m7 -std=gnu11 -g3 -DDEBUG -DUSE_HAL_DRIVER -DSTM32H743xx -c -I../Inc -I../Drivers/STM32H7xx_HAL_Driver/Inc -I../Drivers/STM32H7xx_HAL_Driver/Inc/Legacy -I../Drivers/CMSIS/Device/ST/STM32H7xx/Include -I../Drivers/CMSIS/Include -I"C:/Users/Danie/Desktop/SRI-embedded/LAN_9252 to H7/baer_motor_ethercat/baer_motor/lan9252" -O0 -ffunction-sections -fdata-sections -Wall -fstack-usage -MMD -MP -MF"Src/main.d" -MT"Src/main.o" --specs=nano.specs -mfpu=fpv5-d16 -mfloat-abi=hard -mthumb -o "Src/main.o"
../Src/main.c: In function 'get_motor_status':
../Src/main.c:1035:6: warning: variable 'motor_msg' set but not used [-Wunused-but-set-variable]
 1035 |  int motor_msg[8];
      |      ^~~~~~~~~
arm-none-eabi-gcc -o "baer_motor.elf" @"objects.list"   -mcpu=cortex-m7 -T"C:\Users\Danie\Desktop\SRI-embedded\LAN_9252 to H7\baer_motor_ethercat\baer_motor\STM32H743VGTX_FLASH.ld" --specs=nosys.specs -Wl,-Map="baer_motor.map" -Wl,--gc-sections -static --specs=nano.specs -mfpu=fpv5-d16 -mfloat-abi=hard -mthumb -Wl,--start-group -lc -lm -Wl,--end-group
Finished building target: baer_motor.elf
 
arm-none-eabi-size   baer_motor.elf 
arm-none-eabi-objdump -h -S  baer_motor.elf  > "baer_motor.list"
   text	   data	    bss	    dec	    hex	filename
  39096	    124	   3232	  42452	   a5d4	baer_motor.elf
Finished building: default.size.stdout
 
Finished building: baer_motor.list
 
17:19:36 **** Incremental Build of configuration Debug for project baer_motor ****
make -j16 all 
arm-none-eabi-size   baer_motor.elf 
   text	   data	    bss	    dec	    hex	filename
  39096	    124	   3232	  42452	   a5d4	baer_motor.elf
Finished building: default.size.stdout
 
17:28:10 **** Incremental Build of configuration Debug for project baer_motor ****
make -j16 all 
arm-none-eabi-gcc "../Src/main.c" -mcpu=cortex-m7 -std=gnu11 -g3 -DDEBUG -DUSE_HAL_DRIVER -DSTM32H743xx -c -I../Inc -I../Drivers/STM32H7xx_HAL_Driver/Inc -I../Drivers/STM32H7xx_HAL_Driver/Inc/Legacy -I../Drivers/CMSIS/Device/ST/STM32H7xx/Include -I../Drivers/CMSIS/Include -I"C:/Users/Danie/Desktop/SRI-embedded/LAN_9252 to H7/baer_motor_ethercat/baer_motor/lan9252" -O0 -ffunction-sections -fdata-sections -Wall -fstack-usage -MMD -MP -MF"Src/main.d" -MT"Src/main.o" --specs=nano.specs -mfpu=fpv5-d16 -mfloat-abi=hard -mthumb -o "Src/main.o"
../Src/main.c: In function 'get_motor_status':
../Src/main.c:1035:6: warning: variable 'motor_msg' set but not used [-Wunused-but-set-variable]
 1035 |  int motor_msg[8];
      |      ^~~~~~~~~
arm-none-eabi-gcc -o "baer_motor.elf" @"objects.list"   -mcpu=cortex-m7 -T"C:\Users\Danie\Desktop\SRI-embedded\LAN_9252 to H7\baer_motor_ethercat\baer_motor\STM32H743VGTX_FLASH.ld" --specs=nosys.specs -Wl,-Map="baer_motor.map" -Wl,--gc-sections -static --specs=nano.specs -mfpu=fpv5-d16 -mfloat-abi=hard -mthumb -Wl,--start-group -lc -lm -Wl,--end-group
Finished building target: baer_motor.elf
 
arm-none-eabi-size   baer_motor.elf 
arm-none-eabi-objdump -h -S  baer_motor.elf  > "baer_motor.list"
   text	   data	    bss	    dec	    hex	filename
  39096	    124	   3232	  42452	   a5d4	baer_motor.elf
Finished building: default.size.stdout
 
Finished building: baer_motor.list
 
17:28:15 **** Incremental Build of configuration Debug for project baer_motor ****
make -j16 all 
arm-none-eabi-size   baer_motor.elf 
   text	   data	    bss	    dec	    hex	filename
  39096	    124	   3232	  42452	   a5d4	baer_motor.elf
Finished building: default.size.stdout
 
17:30:37 **** Incremental Build of configuration Debug for project baer_motor ****
make -j16 all 
arm-none-eabi-gcc "../Src/main.c" -mcpu=cortex-m7 -std=gnu11 -g3 -DDEBUG -DUSE_HAL_DRIVER -DSTM32H743xx -c -I../Inc -I../Drivers/STM32H7xx_HAL_Driver/Inc -I../Drivers/STM32H7xx_HAL_Driver/Inc/Legacy -I../Drivers/CMSIS/Device/ST/STM32H7xx/Include -I../Drivers/CMSIS/Include -I"C:/Users/Danie/Desktop/SRI-embedded/LAN_9252 to H7/baer_motor_ethercat/baer_motor/lan9252" -O0 -ffunction-sections -fdata-sections -Wall -fstack-usage -MMD -MP -MF"Src/main.d" -MT"Src/main.o" --specs=nano.specs -mfpu=fpv5-d16 -mfloat-abi=hard -mthumb -o "Src/main.o"
../Src/main.c: In function 'get_motor_status':
../Src/main.c:1035:6: warning: variable 'motor_msg' set but not used [-Wunused-but-set-variable]
 1035 |  int motor_msg[8];
      |      ^~~~~~~~~
arm-none-eabi-gcc -o "baer_motor.elf" @"objects.list"   -mcpu=cortex-m7 -T"C:\Users\Danie\Desktop\SRI-embedded\LAN_9252 to H7\baer_motor_ethercat\baer_motor\STM32H743VGTX_FLASH.ld" --specs=nosys.specs -Wl,-Map="baer_motor.map" -Wl,--gc-sections -static --specs=nano.specs -mfpu=fpv5-d16 -mfloat-abi=hard -mthumb -Wl,--start-group -lc -lm -Wl,--end-group
Finished building target: baer_motor.elf
 
arm-none-eabi-size   baer_motor.elf 
arm-none-eabi-objdump -h -S  baer_motor.elf  > "baer_motor.list"
   text	   data	    bss	    dec	    hex	filename
  39096	    124	   3232	  42452	   a5d4	baer_motor.elf
Finished building: default.size.stdout
 
Finished building: baer_motor.list
 
17:30:45 **** Incremental Build of configuration Debug for project baer_motor ****
make -j16 all 
arm-none-eabi-size   baer_motor.elf 
   text	   data	    bss	    dec	    hex	filename
  39096	    124	   3232	  42452	   a5d4	baer_motor.elf
Finished building: default.size.stdout
 
17:45:52 **** Incremental Build of configuration Debug for project baer_motor ****
make -j16 all 
arm-none-eabi-gcc "../Src/main.c" -mcpu=cortex-m7 -std=gnu11 -g3 -DDEBUG -DUSE_HAL_DRIVER -DSTM32H743xx -c -I../Inc -I../Drivers/STM32H7xx_HAL_Driver/Inc -I../Drivers/STM32H7xx_HAL_Driver/Inc/Legacy -I../Drivers/CMSIS/Device/ST/STM32H7xx/Include -I../Drivers/CMSIS/Include -I"C:/Users/Danie/Desktop/SRI-embedded/LAN_9252 to H7/baer_motor_ethercat/baer_motor/lan9252" -O0 -ffunction-sections -fdata-sections -Wall -fstack-usage -MMD -MP -MF"Src/main.d" -MT"Src/main.o" --specs=nano.specs -mfpu=fpv5-d16 -mfloat-abi=hard -mthumb -o "Src/main.o"
../Src/main.c: In function 'get_motor_status':
../Src/main.c:1035:6: warning: variable 'motor_msg' set but not used [-Wunused-but-set-variable]
 1035 |  int motor_msg[8];
      |      ^~~~~~~~~
arm-none-eabi-gcc -o "baer_motor.elf" @"objects.list"   -mcpu=cortex-m7 -T"C:\Users\Danie\Desktop\SRI-embedded\LAN_9252 to H7\baer_motor_ethercat\baer_motor\STM32H743VGTX_FLASH.ld" --specs=nosys.specs -Wl,-Map="baer_motor.map" -Wl,--gc-sections -static --specs=nano.specs -mfpu=fpv5-d16 -mfloat-abi=hard -mthumb -Wl,--start-group -lc -lm -Wl,--end-group
Finished building target: baer_motor.elf
 
arm-none-eabi-size   baer_motor.elf 
arm-none-eabi-objdump -h -S  baer_motor.elf  > "baer_motor.list"
   text	   data	    bss	    dec	    hex	filename
  39116	    124	   3232	  42472	   a5e8	baer_motor.elf
Finished building: default.size.stdout
 
Finished building: baer_motor.list
 
17:46:04 **** Incremental Build of configuration Debug for project baer_motor ****
make -j16 all 
arm-none-eabi-size   baer_motor.elf 
   text	   data	    bss	    dec	    hex	filename
  39116	    124	   3232	  42472	   a5e8	baer_motor.elf
Finished building: default.size.stdout
 
17:46:08 **** Incremental Build of configuration Debug for project baer_motor ****
make -j16 all 
arm-none-eabi-size   baer_motor.elf 
   text	   data	    bss	    dec	    hex	filename
  39116	    124	   3232	  42472	   a5e8	baer_motor.elf
Finished building: default.size.stdout
 
18:17:03 **** Incremental Build of configuration Debug for project baer_motor ****
make -j16 all 
arm-none-eabi-gcc "../Src/main.c" -mcpu=cortex-m7 -std=gnu11 -g3 -DDEBUG -DUSE_HAL_DRIVER -DSTM32H743xx -c -I../Inc -I../Drivers/STM32H7xx_HAL_Driver/Inc -I../Drivers/STM32H7xx_HAL_Driver/Inc/Legacy -I../Drivers/CMSIS/Device/ST/STM32H7xx/Include -I../Drivers/CMSIS/Include -I"C:/Users/Danie/Desktop/SRI-embedded/LAN_9252 to H7/baer_motor_ethercat/baer_motor/lan9252" -O0 -ffunction-sections -fdata-sections -Wall -fstack-usage -MMD -MP -MF"Src/main.d" -MT"Src/main.o" --specs=nano.specs -mfpu=fpv5-d16 -mfloat-abi=hard -mthumb -o "Src/main.o"
../Src/main.c: In function 'get_motor_status':
../Src/main.c:1035:6: warning: variable 'motor_msg' set but not used [-Wunused-but-set-variable]
 1035 |  int motor_msg[8];
      |      ^~~~~~~~~
arm-none-eabi-gcc -o "baer_motor.elf" @"objects.list"   -mcpu=cortex-m7 -T"C:\Users\Danie\Desktop\SRI-embedded\LAN_9252 to H7\baer_motor_ethercat\baer_motor\STM32H743VGTX_FLASH.ld" --specs=nosys.specs -Wl,-Map="baer_motor.map" -Wl,--gc-sections -static --specs=nano.specs -mfpu=fpv5-d16 -mfloat-abi=hard -mthumb -Wl,--start-group -lc -lm -Wl,--end-group
Finished building target: baer_motor.elf
 
arm-none-eabi-size   baer_motor.elf 
arm-none-eabi-objdump -h -S  baer_motor.elf  > "baer_motor.list"
   text	   data	    bss	    dec	    hex	filename
  39116	    124	   3232	  42472	   a5e8	baer_motor.elf
Finished building: default.size.stdout
 
Finished building: baer_motor.list
 
18:17:14 **** Incremental Build of configuration Debug for project baer_motor ****
make -j16 all 
arm-none-eabi-size   baer_motor.elf 
   text	   data	    bss	    dec	    hex	filename
  39116	    124	   3232	  42472	   a5e8	baer_motor.elf
Finished building: default.size.stdout
 
18:17:18 **** Incremental Build of configuration Debug for project baer_motor ****
make -j16 all 
arm-none-eabi-size   baer_motor.elf 
   text	   data	    bss	    dec	    hex	filename
  39116	    124	   3232	  42472	   a5e8	baer_motor.elf
Finished building: default.size.stdout
 
18:19:48 **** Incremental Build of configuration Debug for project baer_motor ****
make -j16 all 
arm-none-eabi-gcc "../Src/main.c" -mcpu=cortex-m7 -std=gnu11 -g3 -DDEBUG -DUSE_HAL_DRIVER -DSTM32H743xx -c -I../Inc -I../Drivers/STM32H7xx_HAL_Driver/Inc -I../Drivers/STM32H7xx_HAL_Driver/Inc/Legacy -I../Drivers/CMSIS/Device/ST/STM32H7xx/Include -I../Drivers/CMSIS/Include -I"C:/Users/Danie/Desktop/SRI-embedded/LAN_9252 to H7/baer_motor_ethercat/baer_motor/lan9252" -O0 -ffunction-sections -fdata-sections -Wall -fstack-usage -MMD -MP -MF"Src/main.d" -MT"Src/main.o" --specs=nano.specs -mfpu=fpv5-d16 -mfloat-abi=hard -mthumb -o "Src/main.o"
../Src/main.c: In function 'control':
../Src/main.c:1018:62: error: lvalue required as left operand of assignment
 1018 |  if (control_word == 1 && is_enable == 1 && motor_init_state = 1)
      |                                                              ^
../Src/main.c: In function 'get_motor_status':
../Src/main.c:1035:6: warning: variable 'motor_msg' set but not used [-Wunused-but-set-variable]
 1035 |  int motor_msg[8];
      |      ^~~~~~~~~
make: *** [Src/subdir.mk:34: Src/main.o] Error 1
"make -j16 all" terminated with exit code 2. Build might be incomplete.
18:19:53 **** Incremental Build of configuration Debug for project baer_motor ****
make -j16 all 
arm-none-eabi-gcc "../Src/main.c" -mcpu=cortex-m7 -std=gnu11 -g3 -DDEBUG -DUSE_HAL_DRIVER -DSTM32H743xx -c -I../Inc -I../Drivers/STM32H7xx_HAL_Driver/Inc -I../Drivers/STM32H7xx_HAL_Driver/Inc/Legacy -I../Drivers/CMSIS/Device/ST/STM32H7xx/Include -I../Drivers/CMSIS/Include -I"C:/Users/Danie/Desktop/SRI-embedded/LAN_9252 to H7/baer_motor_ethercat/baer_motor/lan9252" -O0 -ffunction-sections -fdata-sections -Wall -fstack-usage -MMD -MP -MF"Src/main.d" -MT"Src/main.o" --specs=nano.specs -mfpu=fpv5-d16 -mfloat-abi=hard -mthumb -o "Src/main.o"
../Src/main.c: In function 'control':
../Src/main.c:1018:62: error: lvalue required as left operand of assignment
 1018 |  if (control_word == 1 && is_enable == 1 && motor_init_state = 1)
      |                                                              ^
../Src/main.c: In function 'get_motor_status':
../Src/main.c:1035:6: warning: variable 'motor_msg' set but not used [-Wunused-but-set-variable]
 1035 |  int motor_msg[8];
      |      ^~~~~~~~~
make: *** [Src/subdir.mk:34: Src/main.o] Error 1
"make -j16 all" terminated with exit code 2. Build might be incomplete.
18:20:13 **** Incremental Build of configuration Debug for project baer_motor ****
make -j16 all 
arm-none-eabi-gcc "../Src/main.c" -mcpu=cortex-m7 -std=gnu11 -g3 -DDEBUG -DUSE_HAL_DRIVER -DSTM32H743xx -c -I../Inc -I../Drivers/STM32H7xx_HAL_Driver/Inc -I../Drivers/STM32H7xx_HAL_Driver/Inc/Legacy -I../Drivers/CMSIS/Device/ST/STM32H7xx/Include -I../Drivers/CMSIS/Include -I"C:/Users/Danie/Desktop/SRI-embedded/LAN_9252 to H7/baer_motor_ethercat/baer_motor/lan9252" -O0 -ffunction-sections -fdata-sections -Wall -fstack-usage -MMD -MP -MF"Src/main.d" -MT"Src/main.o" --specs=nano.specs -mfpu=fpv5-d16 -mfloat-abi=hard -mthumb -o "Src/main.o"
../Src/main.c: In function 'get_motor_status':
../Src/main.c:1035:6: warning: variable 'motor_msg' set but not used [-Wunused-but-set-variable]
 1035 |  int motor_msg[8];
      |      ^~~~~~~~~
arm-none-eabi-gcc -o "baer_motor.elf" @"objects.list"   -mcpu=cortex-m7 -T"C:\Users\Danie\Desktop\SRI-embedded\LAN_9252 to H7\baer_motor_ethercat\baer_motor\STM32H743VGTX_FLASH.ld" --specs=nosys.specs -Wl,-Map="baer_motor.map" -Wl,--gc-sections -static --specs=nano.specs -mfpu=fpv5-d16 -mfloat-abi=hard -mthumb -Wl,--start-group -lc -lm -Wl,--end-group
Finished building target: baer_motor.elf
 
arm-none-eabi-size   baer_motor.elf 
arm-none-eabi-objdump -h -S  baer_motor.elf  > "baer_motor.list"
   text	   data	    bss	    dec	    hex	filename
  39144	    124	   3240	  42508	   a60c	baer_motor.elf
Finished building: default.size.stdout
 
Finished building: baer_motor.list
 
18:20:18 **** Incremental Build of configuration Debug for project baer_motor ****
make -j16 all 
arm-none-eabi-size   baer_motor.elf 
   text	   data	    bss	    dec	    hex	filename
  39144	    124	   3240	  42508	   a60c	baer_motor.elf
Finished building: default.size.stdout
 
18:20:20 **** Incremental Build of configuration Debug for project baer_motor ****
make -j16 all 
arm-none-eabi-size   baer_motor.elf 
   text	   data	    bss	    dec	    hex	filename
  39144	    124	   3240	  42508	   a60c	baer_motor.elf
Finished building: default.size.stdout
 
18:23:40 **** Incremental Build of configuration Debug for project baer_motor ****
make -j16 all 
arm-none-eabi-gcc "../Src/main.c" -mcpu=cortex-m7 -std=gnu11 -g3 -DDEBUG -DUSE_HAL_DRIVER -DSTM32H743xx -c -I../Inc -I../Drivers/STM32H7xx_HAL_Driver/Inc -I../Drivers/STM32H7xx_HAL_Driver/Inc/Legacy -I../Drivers/CMSIS/Device/ST/STM32H7xx/Include -I../Drivers/CMSIS/Include -I"C:/Users/Danie/Desktop/SRI-embedded/LAN_9252 to H7/baer_motor_ethercat/baer_motor/lan9252" -O0 -ffunction-sections -fdata-sections -Wall -fstack-usage -MMD -MP -MF"Src/main.d" -MT"Src/main.o" --specs=nano.specs -mfpu=fpv5-d16 -mfloat-abi=hard -mthumb -o "Src/main.o"
../Src/main.c: In function 'get_motor_status':
../Src/main.c:1038:6: warning: variable 'motor_msg' set but not used [-Wunused-but-set-variable]
 1038 |  int motor_msg[8];
      |      ^~~~~~~~~
arm-none-eabi-gcc -o "baer_motor.elf" @"objects.list"   -mcpu=cortex-m7 -T"C:\Users\Danie\Desktop\SRI-embedded\LAN_9252 to H7\baer_motor_ethercat\baer_motor\STM32H743VGTX_FLASH.ld" --specs=nosys.specs -Wl,-Map="baer_motor.map" -Wl,--gc-sections -static --specs=nano.specs -mfpu=fpv5-d16 -mfloat-abi=hard -mthumb -Wl,--start-group -lc -lm -Wl,--end-group
Finished building target: baer_motor.elf
 
arm-none-eabi-size   baer_motor.elf 
arm-none-eabi-objdump -h -S  baer_motor.elf  > "baer_motor.list"
   text	   data	    bss	    dec	    hex	filename
  39144	    124	   3240	  42508	   a60c	baer_motor.elf
Finished building: default.size.stdout
 
Finished building: baer_motor.list
 
18:23:44 **** Incremental Build of configuration Debug for project baer_motor ****
make -j16 all 
arm-none-eabi-size   baer_motor.elf 
   text	   data	    bss	    dec	    hex	filename
  39144	    124	   3240	  42508	   a60c	baer_motor.elf
Finished building: default.size.stdout
 
18:23:46 **** Incremental Build of configuration Debug for project baer_motor ****
make -j16 all 
arm-none-eabi-size   baer_motor.elf 
   text	   data	    bss	    dec	    hex	filename
  39144	    124	   3240	  42508	   a60c	baer_motor.elf
Finished building: default.size.stdout
 
18:24:25 **** Incremental Build of configuration Debug for project baer_motor ****
make -j16 all 
arm-none-eabi-size   baer_motor.elf 
   text	   data	    bss	    dec	    hex	filename
  39144	    124	   3240	  42508	   a60c	baer_motor.elf
Finished building: default.size.stdout
 
18:25:01 **** Incremental Build of configuration Debug for project baer_motor ****
make -j16 all 
arm-none-eabi-size   baer_motor.elf 
   text	   data	    bss	    dec	    hex	filename
  39144	    124	   3240	  42508	   a60c	baer_motor.elf
Finished building: default.size.stdout
 
18:25:05 **** Incremental Build of configuration Debug for project baer_motor ****
make -j16 all 
arm-none-eabi-size   baer_motor.elf 
   text	   data	    bss	    dec	    hex	filename
  39144	    124	   3240	  42508	   a60c	baer_motor.elf
Finished building: default.size.stdout
 
